
> web@0.1.0 build
> next build

   Ôû▓ Next.js 16.0.10 (Turbopack)
   - Environments: .env.local, .env

node.exe :  ÔÜá The "middleware" file 
convention is deprecated. Please use 
"proxy" instead. Learn more: https://next
js.org/docs/messages/middleware-to-proxy
No linha:1 caractere:1
+ & "C:\Program Files\nodejs/node.exe" 
"C:\Program Files\nodejs/node_mo ...
+ ~~~~~~~~~~~~~~~~~~~~~~~~~~~~~~~~~~~~~~~
~~~~~~~~~~~~~~~~~~~~~~~~~~~~~~
    + CategoryInfo          : NotSpecifi 
   ed: ( ÔÜá The "middl...leware-to-pro  
  xy:String) [], RemoteException
    + FullyQualifiedErrorId : NativeComm 
   andError
 
   Creating an optimized production build ...
 Ô£ô Compiled successfully in 4.1s
   Running TypeScript ...
Failed to compile.

.next/dev/types/validator.ts:350:39
Type error: Cannot find module '../../../
src/app/api/auth/login/route.js' or its 
corresponding type declarations.

[0m [90m 348 |[39m {
 [90m 349 |[39m   type __IsExpected[33
m<[39m[33mSpecific[39m 
[36mextends[39m [33mRouteHandlerConfig
[39m[33m<[39m[32m"/api/auth/login"[3
9m[33m>>[39m [33m=[39m 
[33mSpecific[39m
[31m[1m>[22m[39m[90m 350 |[39m   
[36mconst[39m handler [33m=[39m {} 
[36mas[39m [36mtypeof[39m [36mimport
[39m([32m"../../../src/app/api/auth/log
in/route.js"[39m)
 [90m     |[39m                        
               [31m[1m^[22m[39m
 [90m 351 |[39m   type __Check 
[33m=[39m 
__IsExpected[33m<[39m[36mtypeof[39m 
handler[33m>[39m
 [90m 352 |[39m   [90m// 
@ts-ignore[39m
 [90m 353 |[39m   type __Unused 
[33m=[39m __Check[0m
Next.js build worker exited with code: 1 
and signal: null
